// Jest Snapshot v1, https://goo.gl/fbAQLP

exports[`ListFilter should render 1`] = `
Object {
  "asFragment": [Function],
  "baseElement": <body>
    <div>
      <div
        class="flex flex-row-reverse mb-1"
      >
        <div
          class="flex items-center"
        >
          <div
            class="font-bold"
          >
            Filters
          </div>
          <div
            class="ml-2 join"
          >
            <button
              class="btn btn-ghost join-item btn-xs text-secondary"
            >
              None
            </button>
            <button
              class="btn btn-ghost join-item btn-xs "
            >
              Queued
            </button>
            <button
              class="btn btn-ghost join-item btn-xs "
            >
              Sent to Pipelines
            </button>
            <button
              class="btn btn-ghost join-item btn-xs "
            >
              Failed
            </button>
          </div>
        </div>
      </div>
    </div>
  </body>,
  "container": <div>
    <div
      class="flex flex-row-reverse mb-1"
    >
      <div
        class="flex items-center"
      >
        <div
          class="font-bold"
        >
          Filters
        </div>
        <div
          class="ml-2 join"
        >
          <button
            class="btn btn-ghost join-item btn-xs text-secondary"
          >
            None
          </button>
          <button
            class="btn btn-ghost join-item btn-xs "
          >
            Queued
          </button>
          <button
            class="btn btn-ghost join-item btn-xs "
          >
            Sent to Pipelines
          </button>
          <button
            class="btn btn-ghost join-item btn-xs "
          >
            Failed
          </button>
        </div>
      </div>
    </div>
  </div>,
  "debug": [Function],
  "findAllByAltText": [Function],
  "findAllByDisplayValue": [Function],
  "findAllByLabelText": [Function],
  "findAllByPlaceholderText": [Function],
  "findAllByRole": [Function],
  "findAllByTestId": [Function],
  "findAllByText": [Function],
  "findAllByTitle": [Function],
  "findByAltText": [Function],
  "findByDisplayValue": [Function],
  "findByLabelText": [Function],
  "findByPlaceholderText": [Function],
  "findByRole": [Function],
  "findByTestId": [Function],
  "findByText": [Function],
  "findByTitle": [Function],
  "getAllByAltText": [Function],
  "getAllByDisplayValue": [Function],
  "getAllByLabelText": [Function],
  "getAllByPlaceholderText": [Function],
  "getAllByRole": [Function],
  "getAllByTestId": [Function],
  "getAllByText": [Function],
  "getAllByTitle": [Function],
  "getByAltText": [Function],
  "getByDisplayValue": [Function],
  "getByLabelText": [Function],
  "getByPlaceholderText": [Function],
  "getByRole": [Function],
  "getByTestId": [Function],
  "getByText": [Function],
  "getByTitle": [Function],
  "queryAllByAltText": [Function],
  "queryAllByDisplayValue": [Function],
  "queryAllByLabelText": [Function],
  "queryAllByPlaceholderText": [Function],
  "queryAllByRole": [Function],
  "queryAllByTestId": [Function],
  "queryAllByText": [Function],
  "queryAllByTitle": [Function],
  "queryByAltText": [Function],
  "queryByDisplayValue": [Function],
  "queryByLabelText": [Function],
  "queryByPlaceholderText": [Function],
  "queryByRole": [Function],
  "queryByTestId": [Function],
  "queryByText": [Function],
  "queryByTitle": [Function],
  "rerender": [Function],
  "unmount": [Function],
}
`;
