// Jest Snapshot v1, https://goo.gl/fbAQLP

exports[`IntervalSelector should render with interval 1`] = `
Object {
  "asFragment": [Function],
  "baseElement": <body>
    <div>
      <div
        class="join"
      >
        <button
          class="btn btn-ghost join-item btn-xs "
        >
          1d
        </button>
        <button
          class="btn btn-ghost join-item btn-xs "
        >
          12h
        </button>
        <button
          class="btn btn-ghost join-item btn-xs "
        >
          6h
        </button>
        <button
          class="btn btn-ghost join-item btn-xs "
        >
          1h
        </button>
        <button
          class="btn btn-ghost join-item btn-xs text-primary"
        >
          5m
        </button>
      </div>
    </div>
  </body>,
  "container": <div>
    <div
      class="join"
    >
      <button
        class="btn btn-ghost join-item btn-xs "
      >
        1d
      </button>
      <button
        class="btn btn-ghost join-item btn-xs "
      >
        12h
      </button>
      <button
        class="btn btn-ghost join-item btn-xs "
      >
        6h
      </button>
      <button
        class="btn btn-ghost join-item btn-xs "
      >
        1h
      </button>
      <button
        class="btn btn-ghost join-item btn-xs text-primary"
      >
        5m
      </button>
    </div>
  </div>,
  "debug": [Function],
  "findAllByAltText": [Function],
  "findAllByDisplayValue": [Function],
  "findAllByLabelText": [Function],
  "findAllByPlaceholderText": [Function],
  "findAllByRole": [Function],
  "findAllByTestId": [Function],
  "findAllByText": [Function],
  "findAllByTitle": [Function],
  "findByAltText": [Function],
  "findByDisplayValue": [Function],
  "findByLabelText": [Function],
  "findByPlaceholderText": [Function],
  "findByRole": [Function],
  "findByTestId": [Function],
  "findByText": [Function],
  "findByTitle": [Function],
  "getAllByAltText": [Function],
  "getAllByDisplayValue": [Function],
  "getAllByLabelText": [Function],
  "getAllByPlaceholderText": [Function],
  "getAllByRole": [Function],
  "getAllByTestId": [Function],
  "getAllByText": [Function],
  "getAllByTitle": [Function],
  "getByAltText": [Function],
  "getByDisplayValue": [Function],
  "getByLabelText": [Function],
  "getByPlaceholderText": [Function],
  "getByRole": [Function],
  "getByTestId": [Function],
  "getByText": [Function],
  "getByTitle": [Function],
  "queryAllByAltText": [Function],
  "queryAllByDisplayValue": [Function],
  "queryAllByLabelText": [Function],
  "queryAllByPlaceholderText": [Function],
  "queryAllByRole": [Function],
  "queryAllByTestId": [Function],
  "queryAllByText": [Function],
  "queryAllByTitle": [Function],
  "queryByAltText": [Function],
  "queryByDisplayValue": [Function],
  "queryByLabelText": [Function],
  "queryByPlaceholderText": [Function],
  "queryByRole": [Function],
  "queryByTestId": [Function],
  "queryByText": [Function],
  "queryByTitle": [Function],
  "rerender": [Function],
  "unmount": [Function],
}
`;
